// Jest Snapshot v1, https://goo.gl/fbAQLP

exports[`PixeleasierCSS should render a PixeleasierCSS component with size 5px 1`] = `
<div
  class="pixeleasier-container"
>
  <div
    class="pixeleasier-draw"
    style="width: 70px; height: 80px; position: relative;"
  >
    <div
      class="pixeleasier-css"
      style="width: 5px; height: 5px; position: absolute; top: 0px; left: 0px; box-shadow: 0px 0px 0 0 transparent, 5px 0px 0 0 transparent, 10px 0px 0 0 #0F3239, 15px 0px 0 0 #0F3239, 20px 0px 0 0 transparent, 25px 0px 0 0 transparent, 30px 0px 0 0 transparent, 35px 0px 0 0 transparent, 40px 0px 0 0 transparent, 45px 0px 0 0 transparent, 50px 0px 0 0 #0F3239, 55px 0px 0 0 #0F3239, 60px 0px 0 0 transparent, 65px 0px 0 0 transparent, 0px 5px 0 0 transparent, 5px 5px 0 0 #0F3239, 10px 5px 0 0 #FFFFFF, 15px 5px 0 0 #FFFFFF, 20px 5px 0 0 #0F3239, 25px 5px 0 0 #0F3239, 30px 5px 0 0 #0F3239, 35px 5px 0 0 #0F3239, 40px 5px 0 0 #0F3239, 45px 5px 0 0 #0F3239, 50px 5px 0 0 #FFFFFF, 55px 5px 0 0 #FFFFFF, 60px 5px 0 0 #0F3239, 65px 5px 0 0 transparent, 0px 10px 0 0 transparent, 5px 10px 0 0 #0F3239, 10px 10px 0 0 #FFFFFF, 15px 10px 0 0 #FFFFFF, 20px 10px 0 0 #FFFFFF, 25px 10px 0 0 #FFFFFF, 30px 10px 0 0 #FFFFFF, 35px 10px 0 0 #FFFFFF, 40px 10px 0 0 #FFFFFF, 45px 10px 0 0 #FFFFFF, 50px 10px 0 0 #FFFFFF, 55px 10px 0 0 #FFFFFF, 60px 10px 0 0 #0F3239, 65px 10px 0 0 transparent, 0px 15px 0 0 transparent, 5px 15px 0 0 #0F3239, 10px 15px 0 0 #FFFFFF, 15px 15px 0 0 #FFFFFF, 20px 15px 0 0 #F6DBD9, 25px 15px 0 0 #F6DBD9, 30px 15px 0 0 #F6DBD9, 35px 15px 0 0 #F6DBD9, 40px 15px 0 0 #F6DBD9, 45px 15px 0 0 #F6DBD9, 50px 15px 0 0 #FFFFFF, 55px 15px 0 0 #FFFFFF, 60px 15px 0 0 #0F3239, 65px 15px 0 0 transparent, 0px 20px 0 0 transparent, 5px 20px 0 0 #0F3239, 10px 20px 0 0 #FFFFFF, 15px 20px 0 0 #F6DBD9, 20px 20px 0 0 #F6DBD9, 25px 20px 0 0 #F6DBD9, 30px 20px 0 0 #F6DBD9, 35px 20px 0 0 #F6DBD9, 40px 20px 0 0 #F6DBD9, 45px 20px 0 0 #F6DBD9, 50px 20px 0 0 #F6DBD9, 55px 20px 0 0 #FFFFFF, 60px 20px 0 0 #0F3239, 65px 20px 0 0 transparent, 0px 25px 0 0 transparent, 5px 25px 0 0 #0F3239, 10px 25px 0 0 #FFFFFF, 15px 25px 0 0 #F6DBD9, 20px 25px 0 0 #0F3239, 25px 25px 0 0 #F6DBD9, 30px 25px 0 0 #F6DBD9, 35px 25px 0 0 #F6DBD9, 40px 25px 0 0 #F6DBD9, 45px 25px 0 0 #0F3239, 50px 25px 0 0 #F6DBD9, 55px 25px 0 0 #FFFFFF, 60px 25px 0 0 #0F3239, 65px 25px 0 0 transparent, 0px 30px 0 0 transparent, 5px 30px 0 0 #0F3239, 10px 30px 0 0 #FFFFFF, 15px 30px 0 0 #F6DBD9, 20px 30px 0 0 #F6DBD9, 25px 30px 0 0 #F6DBD9, 30px 30px 0 0 #0F3239, 35px 30px 0 0 #0F3239, 40px 30px 0 0 #F6DBD9, 45px 30px 0 0 #F6DBD9, 50px 30px 0 0 #F6DBD9, 55px 30px 0 0 #FFFFFF, 60px 30px 0 0 #0F3239, 65px 30px 0 0 transparent, 0px 35px 0 0 transparent, 5px 35px 0 0 #0F3239, 10px 35px 0 0 #FFFFFF, 15px 35px 0 0 #FFFFFF, 20px 35px 0 0 #F6DBD9, 25px 35px 0 0 #F6DBD9, 30px 35px 0 0 #F6DBD9, 35px 35px 0 0 #F6DBD9, 40px 35px 0 0 #F6DBD9, 45px 35px 0 0 #F6DBD9, 50px 35px 0 0 #FFFFFF, 55px 35px 0 0 #FFFFFF, 60px 35px 0 0 #0F3239, 65px 35px 0 0 transparent, 0px 40px 0 0 #0F3239, 5px 40px 0 0 #71BE4E, 10px 40px 0 0 #71BE4E, 15px 40px 0 0 #FFFFFF, 20px 40px 0 0 #FFFFFF, 25px 40px 0 0 #FFFFFF, 30px 40px 0 0 #FFFFFF, 35px 40px 0 0 #FFFFFF, 40px 40px 0 0 #FFFFFF, 45px 40px 0 0 #FFFFFF, 50px 40px 0 0 #FFFFFF, 55px 40px 0 0 #71BE4E, 60px 40px 0 0 #71BE4E, 65px 40px 0 0 #0F3239, 0px 45px 0 0 #0F3239, 5px 45px 0 0 #F6DBD9, 10px 45px 0 0 #71BE4E, 15px 45px 0 0 #49C9F3, 20px 45px 0 0 #49C9F3, 25px 45px 0 0 #49C9F3, 30px 45px 0 0 #49C9F3, 35px 45px 0 0 #49C9F3, 40px 45px 0 0 #49C9F3, 45px 45px 0 0 #49C9F3, 50px 45px 0 0 #49C9F3, 55px 45px 0 0 #71BE4E, 60px 45px 0 0 #F6DBD9, 65px 45px 0 0 #0F3239, 0px 50px 0 0 #0F3239, 5px 50px 0 0 #F6DBD9, 10px 50px 0 0 #71BE4E, 15px 50px 0 0 #49C9F3, 20px 50px 0 0 #49C9F3, 25px 50px 0 0 #49C9F3, 30px 50px 0 0 #49C9F3, 35px 50px 0 0 #49C9F3, 40px 50px 0 0 #49C9F3, 45px 50px 0 0 #49C9F3, 50px 50px 0 0 #49C9F3, 55px 50px 0 0 #71BE4E, 60px 50px 0 0 #F6DBD9, 65px 50px 0 0 #0F3239, 0px 55px 0 0 #0F3239, 5px 55px 0 0 #F6DBD9, 10px 55px 0 0 #49C9F3, 15px 55px 0 0 #49C9F3, 20px 55px 0 0 #49C9F3, 25px 55px 0 0 #49C9F3, 30px 55px 0 0 #49C9F3, 35px 55px 0 0 #49C9F3, 40px 55px 0 0 #49C9F3, 45px 55px 0 0 #49C9F3, 50px 55px 0 0 #49C9F3, 55px 55px 0 0 #49C9F3, 60px 55px 0 0 #F6DBD9, 65px 55px 0 0 #0F3239, 0px 60px 0 0 transparent, 5px 60px 0 0 #0F3239, 10px 60px 0 0 #49C9F3, 15px 60px 0 0 #49C9F3, 20px 60px 0 0 #49C9F3, 25px 60px 0 0 #49C9F3, 30px 60px 0 0 #49C9F3, 35px 60px 0 0 #49C9F3, 40px 60px 0 0 #49C9F3, 45px 60px 0 0 #49C9F3, 50px 60px 0 0 #49C9F3, 55px 60px 0 0 #49C9F3, 60px 60px 0 0 #0F3239, 65px 60px 0 0 transparent, 0px 65px 0 0 transparent, 5px 65px 0 0 #0F3239, 10px 65px 0 0 #426AB0, 15px 65px 0 0 #426AB0, 20px 65px 0 0 #426AB0, 25px 65px 0 0 #426AB0, 30px 65px 0 0 #426AB0, 35px 65px 0 0 #426AB0, 40px 65px 0 0 #426AB0, 45px 65px 0 0 #426AB0, 50px 65px 0 0 #426AB0, 55px 65px 0 0 #426AB0, 60px 65px 0 0 #0F3239, 65px 65px 0 0 transparent, 0px 70px 0 0 transparent, 5px 70px 0 0 #0F3239, 10px 70px 0 0 #426AB0, 15px 70px 0 0 #426AB0, 20px 70px 0 0 #426AB0, 25px 70px 0 0 #0F3239, 30px 70px 0 0 #0F3239, 35px 70px 0 0 #0F3239, 40px 70px 0 0 #0F3239, 45px 70px 0 0 #426AB0, 50px 70px 0 0 #426AB0, 55px 70px 0 0 #426AB0, 60px 70px 0 0 #0F3239, 65px 70px 0 0 transparent, 0px 75px 0 0 transparent, 5px 75px 0 0 transparent, 10px 75px 0 0 #0F3239, 15px 75px 0 0 #0F3239, 20px 75px 0 0 #0F3239, 25px 75px 0 0 transparent, 30px 75px 0 0 transparent, 35px 75px 0 0 transparent, 40px 75px 0 0 transparent, 45px 75px 0 0 #0F3239, 50px 75px 0 0 #0F3239, 55px 75px 0 0 #0F3239, 60px 75px 0 0 transparent, 65px 75px 0 0 transparent;"
    />
  </div>
</div>
`;

exports[`PixeleasierCSS should render a PixeleasierCSS empty component 1`] = `
<div
  class="pixeleasier-container"
>
  <div
    class="pixeleasier-draw"
    style="width: 0px; height: 10px; position: relative;"
  >
    <div
      class="pixeleasier-css"
      style="width: 10px; height: 10px; position: absolute; top: 0px; left: 0px;"
    />
  </div>
</div>
`;
